// Jest Snapshot v1, https://goo.gl/fbAQLP

exports[`render search component without error snapshot 1`] = `null`;
