// Jest Snapshot v1, https://goo.gl/fbAQLP

exports[`component projects card render without error snapshot 1`] = `null`;
