// Jest Snapshot v1, https://goo.gl/fbAQLP

exports[`input component snapshot 1`] = `<div />`;
