// Jest Snapshot v1, https://goo.gl/fbAQLP

exports[`to snapshot on success: SET_PASSWORD 1`] = `
Object {
  "password": "123456",
  "profile": Object {},
}
`;
