// Jest Snapshot v1, https://goo.gl/fbAQLP

exports[`render Skills component without error snapshot 1`] = `null`;
