// Jest Snapshot v1, https://goo.gl/fbAQLP

exports[`render ValidationModal without error snapshot 1`] = `null`;
